******************************************************************************
                  TI ARM Linker PC v18.12.2                    
******************************************************************************
>> Linked Fri Nov 29 22:02:03 2019

OUTPUT FILE NAME:   <PWM_Code.out>
ENTRY POINT SYMBOL: "_c_int00_noargs"  address: 00000811


MEMORY CONFIGURATION

         name            origin    length      used     unused   attr    fill
----------------------  --------  ---------  --------  --------  ----  --------
  MAIN                  00000000   00040000  00000b1c  0003f4e4  R  X
  INFO                  00200000   00004000  00000000  00004000  R  X
  SRAM_CODE             01000000   00010000  00000204  0000fdfc  RW X
  SRAM_DATA             20000000   00010000  00000204  0000fdfc  RW  


SEGMENT ALLOCATION MAP

run origin  load origin   length   init length attrs members
----------  ----------- ---------- ----------- ----- -------
00000000    00000000    00000b20   00000b20    r-x
  00000000    00000000    000000e4   000000e4    r-- .intvecs
  000000e4    000000e4    00000784   00000784    r-x .text
  00000868    00000868    0000029c   0000029c    r-- .const
  00000b08    00000b08    00000018   00000018    r-- .cinit
20000000    20000000    00000004   00000000    rw-
  20000000    20000000    00000004   00000000    rw- .data
2000fe00    2000fe00    00000200   00000000    rw-
  2000fe00    2000fe00    00000200   00000000    rw- .stack


SECTION ALLOCATION MAP

 output                                  attributes/
section   page    origin      length       input sections
--------  ----  ----------  ----------   ----------------
.intvecs   0    00000000    000000e4     
                  00000000    000000e4     startup_msp432p401r_ccs.obj (.intvecs:retain)

.text      0    000000e4    00000784     
                  000000e4    00000334     system_msp432p401r.obj (.text)
                  00000418    000001c0     main.obj (.text)
                  000005d8    0000009c     rtsv7M4_T_le_v4SPD16_eabi.lib : memcpy_t2.asm.obj (.text)
                  00000674    00000080                                   : s_floorf.c.obj (.text:floorf)
                  000006f4    0000006e                                   : s_roundf.c.obj (.text:roundf)
                  00000762    00000068                                   : copy_decompress_lzss.c.obj (.text:decompress:lzss:__TI_decompress_lzss)
                  000007ca    00000002     --HOLE-- [fill = 0]
                  000007cc    00000044                                   : autoinit.c.obj (.text:__TI_auto_init_nobinit_nopinit:__TI_auto_init_nobinit_nopinit)
                  00000810    00000034                                   : boot_cortex_m.c.obj (.text:_c_int00_noargs:_c_int00_noargs)
                  00000844    0000000e                                   : copy_decompress_none.c.obj (.text:decompress:none:__TI_decompress_none)
                  00000852    0000000e     startup_msp432p401r_ccs.obj (.text)
                  00000860    00000004     rtsv7M4_T_le_v4SPD16_eabi.lib : pre_init.c.obj (.text:_system_pre_init)
                  00000864    00000004                                   : exit.c.obj (.text:abort:abort)

.const     0    00000868    0000029c     
                  00000868    0000029c     main.obj (.const:$P$T0$1)

.cinit     0    00000b08    00000018     
                  00000b08    00000008     (.cinit..data.load) [load image, compression = lzss]
                  00000b10    00000008     (__TI_handler_table)
                  00000b18    00000008     (__TI_cinit_table)

.init_array 
*          0    00000000    00000000     UNINITIALIZED

.binit     0    00000000    00000000     

.data      0    20000000    00000004     UNINITIALIZED
                  20000000    00000004     system_msp432p401r.obj (.data)

.stack     0    2000fe00    00000200     UNINITIALIZED
                  2000fe00    00000004     rtsv7M4_T_le_v4SPD16_eabi.lib : boot_cortex_m.c.obj (.stack)
                  2000fe04    000001fc     --HOLE--

MODULE SUMMARY

       Module                        code   ro data   rw data
       ------                        ----   -------   -------
    .\
       main.obj                      448    668       0      
       system_msp432p401r.obj        820    0         8      
       startup_msp432p401r_ccs.obj   14     228       0      
    +--+-----------------------------+------+---------+---------+
       Total:                        1282   896       8      
                                                             
    C:\ti\ccs910\ccs\tools\compiler\ti-cgt-arm_18.12.2.LTS\lib\rtsv7M4_T_le_v4SPD16_eabi.lib
       memcpy_t2.asm.obj             156    0         0      
       s_floorf.c.obj                128    0         0      
       s_roundf.c.obj                110    0         0      
       copy_decompress_lzss.c.obj    104    0         0      
       autoinit.c.obj                68     0         0      
       boot_cortex_m.c.obj           52     0         0      
       copy_decompress_none.c.obj    14     0         0      
       exit.c.obj                    4      0         0      
       pre_init.c.obj                4      0         0      
    +--+-----------------------------+------+---------+---------+
       Total:                        640    0         0      
                                                             
       Stack:                        0      0         1024   
       Linker Generated:             0      24        0      
    +--+-----------------------------+------+---------+---------+
       Grand Total:                  1922   920       1032   


LINKER GENERATED COPY TABLES

__TI_cinit_table @ 00000b18 records: 1, size/record: 8, table size: 8
	.data: load addr=00000b08, load size=00000008 bytes, run addr=20000000, run size=00000004 bytes, compression=lzss


LINKER GENERATED HANDLER TABLE

__TI_handler_table @ 00000b10 records: 2, size/record: 4, table size: 8
	index: 0, handler: __TI_decompress_lzss
	index: 1, handler: __TI_decompress_none


GLOBAL SYMBOLS: SORTED ALPHABETICALLY BY Name 

address   name                          
-------   ----                          
0000085f  ADC14_IRQHandler              
0000085f  AES256_IRQHandler             
0000085f  BusFault_Handler              
00000865  C$$EXIT                       
0000085f  COMP_E0_IRQHandler            
0000085f  COMP_E1_IRQHandler            
0000085f  CS_IRQHandler                 
0000085f  DMA_ERR_IRQHandler            
0000085f  DMA_INT0_IRQHandler           
0000085f  DMA_INT1_IRQHandler           
0000085f  DMA_INT2_IRQHandler           
0000085f  DMA_INT3_IRQHandler           
0000085f  DebugMon_Handler              
0000085f  Default_Handler               
0000085f  EUSCIA0_IRQHandler            
0000085f  EUSCIA1_IRQHandler            
0000085f  EUSCIA2_IRQHandler            
0000085f  EUSCIA3_IRQHandler            
0000085f  EUSCIB0_IRQHandler            
0000085f  EUSCIB1_IRQHandler            
0000085f  EUSCIB2_IRQHandler            
0000085f  EUSCIB3_IRQHandler            
0000085f  FLCTL_IRQHandler              
0000085f  FPU_IRQHandler                
0000085f  HardFault_Handler             
0000085f  MemManage_Handler             
0000085f  NMI_Handler                   
0000085f  PCM_IRQHandler                
0000085f  PORT1_IRQHandler              
0000085f  PORT2_IRQHandler              
0000085f  PORT3_IRQHandler              
0000085f  PORT4_IRQHandler              
0000085f  PORT5_IRQHandler              
0000085f  PORT6_IRQHandler              
0000085f  PSS_IRQHandler                
0000085f  PendSV_Handler                
0000085f  RTC_C_IRQHandler              
00000853  Reset_Handler                 
0000085f  SVC_Handler                   
0000085f  SysTick_Handler               
20000000  SystemCoreClock               
000000e5  SystemCoreClockUpdate         
0000035d  SystemInit                    
0000085f  T32_INT1_IRQHandler           
0000085f  T32_INT2_IRQHandler           
0000085f  T32_INTC_IRQHandler           
000004cd  TA0_0_IRQHandler              
000004cd  TA0_0_IRQHandler              
0000085f  TA0_N_IRQHandler              
0000085f  TA1_0_IRQHandler              
0000085f  TA1_N_IRQHandler              
0000085f  TA2_0_IRQHandler              
0000085f  TA2_N_IRQHandler              
0000085f  TA3_0_IRQHandler              
0000085f  TA3_N_IRQHandler              
0000085f  UsageFault_Handler            
4000480c  WDTCTL_SYM                    
0000085f  WDT_A_IRQHandler              
20010000  __STACK_END                   
00000200  __STACK_SIZE                  
00000b18  __TI_CINIT_Base               
00000b20  __TI_CINIT_Limit              
00000b10  __TI_Handler_Table_Base       
00000b18  __TI_Handler_Table_Limit      
000007cd  __TI_auto_init_nobinit_nopinit
00000763  __TI_decompress_lzss          
00000845  __TI_decompress_none          
ffffffff  __TI_pprof_out_hndl           
ffffffff  __TI_prof_data_size           
ffffffff  __TI_prof_data_start          
00000000  __TI_static_base__            
000005d9  __aeabi_memcpy                
000005d9  __aeabi_memcpy4               
000005d9  __aeabi_memcpy8               
ffffffff  __binit__                     
ffffffff  __c_args__                    
UNDEFED   __mpu_init                    
2000fe00  __stack                       
00000811  _c_int00_noargs               
UNDEFED   _system_post_cinit            
00000861  _system_pre_init              
00000865  abort                         
ffffffff  binit                         
00000675  floorf                        
00000000  interruptVectors              
00000573  main                          
000005d9  memcpy                        
000004eb  pwm                           
000006f5  roundf                        
00000483  set_duty_cycle                
00000565  start_pwm                     


GLOBAL SYMBOLS: SORTED BY Symbol Address 

address   name                          
-------   ----                          
00000000  __TI_static_base__            
00000000  interruptVectors              
000000e5  SystemCoreClockUpdate         
00000200  __STACK_SIZE                  
0000035d  SystemInit                    
00000483  set_duty_cycle                
000004cd  TA0_0_IRQHandler              
000004cd  TA0_0_IRQHandler              
000004eb  pwm                           
00000565  start_pwm                     
00000573  main                          
000005d9  __aeabi_memcpy                
000005d9  __aeabi_memcpy4               
000005d9  __aeabi_memcpy8               
000005d9  memcpy                        
00000675  floorf                        
000006f5  roundf                        
00000763  __TI_decompress_lzss          
000007cd  __TI_auto_init_nobinit_nopinit
00000811  _c_int00_noargs               
00000845  __TI_decompress_none          
00000853  Reset_Handler                 
0000085f  ADC14_IRQHandler              
0000085f  AES256_IRQHandler             
0000085f  BusFault_Handler              
0000085f  COMP_E0_IRQHandler            
0000085f  COMP_E1_IRQHandler            
0000085f  CS_IRQHandler                 
0000085f  DMA_ERR_IRQHandler            
0000085f  DMA_INT0_IRQHandler           
0000085f  DMA_INT1_IRQHandler           
0000085f  DMA_INT2_IRQHandler           
0000085f  DMA_INT3_IRQHandler           
0000085f  DebugMon_Handler              
0000085f  Default_Handler               
0000085f  EUSCIA0_IRQHandler            
0000085f  EUSCIA1_IRQHandler            
0000085f  EUSCIA2_IRQHandler            
0000085f  EUSCIA3_IRQHandler            
0000085f  EUSCIB0_IRQHandler            
0000085f  EUSCIB1_IRQHandler            
0000085f  EUSCIB2_IRQHandler            
0000085f  EUSCIB3_IRQHandler            
0000085f  FLCTL_IRQHandler              
0000085f  FPU_IRQHandler                
0000085f  HardFault_Handler             
0000085f  MemManage_Handler             
0000085f  NMI_Handler                   
0000085f  PCM_IRQHandler                
0000085f  PORT1_IRQHandler              
0000085f  PORT2_IRQHandler              
0000085f  PORT3_IRQHandler              
0000085f  PORT4_IRQHandler              
0000085f  PORT5_IRQHandler              
0000085f  PORT6_IRQHandler              
0000085f  PSS_IRQHandler                
0000085f  PendSV_Handler                
0000085f  RTC_C_IRQHandler              
0000085f  SVC_Handler                   
0000085f  SysTick_Handler               
0000085f  T32_INT1_IRQHandler           
0000085f  T32_INT2_IRQHandler           
0000085f  T32_INTC_IRQHandler           
0000085f  TA0_N_IRQHandler              
0000085f  TA1_0_IRQHandler              
0000085f  TA1_N_IRQHandler              
0000085f  TA2_0_IRQHandler              
0000085f  TA2_N_IRQHandler              
0000085f  TA3_0_IRQHandler              
0000085f  TA3_N_IRQHandler              
0000085f  UsageFault_Handler            
0000085f  WDT_A_IRQHandler              
00000861  _system_pre_init              
00000865  C$$EXIT                       
00000865  abort                         
00000b10  __TI_Handler_Table_Base       
00000b18  __TI_CINIT_Base               
00000b18  __TI_Handler_Table_Limit      
00000b20  __TI_CINIT_Limit              
20000000  SystemCoreClock               
2000fe00  __stack                       
20010000  __STACK_END                   
4000480c  WDTCTL_SYM                    
ffffffff  __TI_pprof_out_hndl           
ffffffff  __TI_prof_data_size           
ffffffff  __TI_prof_data_start          
ffffffff  __binit__                     
ffffffff  __c_args__                    
ffffffff  binit                         
UNDEFED   __mpu_init                    
UNDEFED   _system_post_cinit            

[91 symbols]
